rank thr(Q30)=0.3948  thrhi(Q90)=0.7611  (S=9 T=26304 F=26)
train=86037 test=31067
input-window missingness: min=0.04 terciles=(0.06,0.15) max=0.98

=== E12: reproduce E10 seed-0, then stratify ===

== FREE ==
  [free    ] ep 1/10 loss=0.0273 (27s)
  [free    ] ep 2/10 loss=0.0202 (24s)
  [free    ] ep 3/10 loss=0.0190 (23s)
  [free    ] ep 4/10 loss=0.0184 (23s)
  [free    ] ep 5/10 loss=0.0179 (27s)
  [free    ] ep 6/10 loss=0.0176 (26s)
  [free    ] ep 7/10 loss=0.0173 (24s)
  [free    ] ep 8/10 loss=0.0171 (26s)
  [free    ] ep 9/10 loss=0.0170 (28s)
  [free    ] ep 10/10 loss=0.0167 (25s)

== PHYSONLY ==
  [physonly] ep 1/10 loss=0.1593 (41s)
  [physonly] ep 2/10 loss=0.2086 (40s)
  [physonly] ep 3/10 loss=0.2626 (40s)
  [physonly] ep 4/10 loss=0.3064 (41s)
  [physonly] ep 5/10 loss=0.2861 (36s)
  [physonly] ep 6/10 loss=0.2763 (36s)
  [physonly] ep 7/10 loss=0.2641 (36s)
  [physonly] ep 8/10 loss=0.2565 (35s)
  [physonly] ep 9/10 loss=0.2494 (36s)
  [physonly] ep 10/10 loss=0.2442 (35s)

== HYBRID ==
  [hybrid  ] ep 1/10 loss=0.1528 (37s)
  [hybrid  ] ep 2/10 loss=0.2042 (36s)
  [hybrid  ] ep 3/10 loss=0.2590 (39s)
  [hybrid  ] ep 4/10 loss=0.3094 (42s)
  [hybrid  ] ep 5/10 loss=0.2858 (41s)
  [hybrid  ] ep 6/10 loss=0.2771 (41s)
  [hybrid  ] ep 7/10 loss=0.2618 (43s)
  [hybrid  ] ep 8/10 loss=0.2518 (43s)
  [hybrid  ] ep 9/10 loss=0.2448 (51s)
  [hybrid  ] ep 10/10 loss=0.2391 (53s)
saved artefacts/e12_preds.npz
  reproduce free    : pinball=0.2099  (E10=0.2099, d=-0.0000) [OK]
  reproduce physonly: pinball=0.3174  (E10=0.3174, d=-0.0000) [OK]
  reproduce hybrid  : pinball=0.2525  (E10=0.2525, d=-0.0000) [OK]

VERDICT: HYBRID competitive (<= FREE + 0.003 summed-pinball) only in: station=GAZIPUR; station=RAJSHAHI
saved figs/e12_strata.png

Wrote results_e12.json and appended E12-20260618-005147 to RESULTS_LOG.md
